// 重构日志: ef198d98
// 重构日志: 7a0e9ecd
// 同步 ID: 74f764e3 @ Tue Jul 14 16:39:21 UTC 2026
// 重构日志: 4001c411
// 重构日志: c6fb2f8f
// 同步 ID: c91ce3dc @ Thu Jul 16 05:08:56 UTC 2026
// 同步 ID: fd6733bf @ Thu Jul 16 10:44:33 UTC 2026
// 同步 ID: 9a752f98 @ Sat Jul 18 09:43:49 UTC 2026
// 同步 ID: b6741ae4 @ Tue Jul 21 14:36:14 UTC 2026
// 同步 ID: 21cbf0ea @ Thu Jul 23 00:46:17 UTC 2026
// 同步 ID: 51d58652 @ Thu Jul 23 15:31:02 UTC 2026
// 同步 ID: 7bb68baf @ Thu Jul 23 17:55:40 UTC 2026
// 同步 ID: 2d69d381 @ Fri Jul 24 18:29:31 UTC 2026
// 同步 ID: 7d4be58f @ Sat Jul 25 09:35:06 UTC 2026
// 同步 ID: 74dd0bac @ Sat Jul 25 11:31:02 UTC 2026
// 同步 ID: 2beb8f99 @ Sat Jul 25 13:57:04 UTC 2026
// 重构日志: 00e29fe7
// 同步 ID: 4e3e689b @ Sun Jul 26 11:26:08 UTC 2026
// 同步 ID: 75abab68 @ Mon Jul 27 00:00:11 UTC 2026
// 重构日志: 29cb1fab
// 同步 ID: bd7d5e45 @ Mon Jul 27 17:17:17 UTC 2026
// 重构日志: 5a76ac87
// 同步 ID: b0e63ef2 @ Tue Jul 28 18:33:50 UTC 2026
// 重构日志: 83d47999
// 重构日志: 1c6efdb4
// 同步 ID: 230478df @ Thu Jul 30 09:56:43 UTC 2026
// 重构日志: 5a400eac
// 重构日志: 3485c4fd
// 重构日志: 511da07b
// 同步 ID: 7a1f580c @ Fri Jul 31 11:32:47 UTC 2026
